../Drivers/STM32G4xx_HAL_Driver/Inc/stm32g4xx_ll_adc.h:7948:26:LL_ADC_REG_ReadConversionData12	16	static
../USBPD/usbpd_pwr_user.c:118:16:BSP_USBPD_PWR_Init	24	static
../USBPD/usbpd_pwr_user.c:139:16:BSP_USBPD_PWR_Deinit	24	static
../USBPD/usbpd_pwr_user.c:169:16:BSP_USBPD_PWR_SetRole	24	static
../USBPD/usbpd_pwr_user.c:201:16:BSP_USBPD_PWR_SetPowerMode	24	static
../USBPD/usbpd_pwr_user.c:233:16:BSP_USBPD_PWR_GetPowerMode	24	static
../USBPD/usbpd_pwr_user.c:259:16:BSP_USBPD_PWR_VBUSInit	24	static
../USBPD/usbpd_pwr_user.c:286:16:BSP_USBPD_PWR_VBUSDeInit	24	static
../USBPD/usbpd_pwr_user.c:307:16:BSP_USBPD_PWR_VBUSOn	24	static
../USBPD/usbpd_pwr_user.c:333:16:BSP_USBPD_PWR_VBUSOff	24	static
../USBPD/usbpd_pwr_user.c:362:16:BSP_USBPD_PWR_VBUSSetVoltage_Fixed	32	static
../USBPD/usbpd_pwr_user.c:390:16:BSP_USBPD_PWR_VBUSSetVoltage_Variable	32	static
../USBPD/usbpd_pwr_user.c:419:16:BSP_USBPD_PWR_VBUSSetVoltage_Battery	32	static
../USBPD/usbpd_pwr_user.c:447:16:BSP_USBPD_PWR_VBUSSetVoltage_APDO	32	static
../USBPD/usbpd_pwr_user.c:472:16:BSP_USBPD_PWR_VBUSGetVoltage	32	static
../USBPD/usbpd_pwr_user.c:505:16:BSP_USBPD_PWR_VBUSGetCurrent	24	static
../USBPD/usbpd_pwr_user.c:535:16:BSP_USBPD_PWR_VCONNInit	24	static
../USBPD/usbpd_pwr_user.c:561:16:BSP_USBPD_PWR_VCONNDeInit	24	static
../USBPD/usbpd_pwr_user.c:587:16:BSP_USBPD_PWR_VCONNOn	24	static
../USBPD/usbpd_pwr_user.c:613:16:BSP_USBPD_PWR_VCONNOff	24	static
../USBPD/usbpd_pwr_user.c:640:16:BSP_USBPD_PWR_VCONNIsOn	32	static
../USBPD/usbpd_pwr_user.c:667:16:BSP_USBPD_PWR_SetVBUSDisconnectionThreshold	24	static
../USBPD/usbpd_pwr_user.c:694:16:BSP_USBPD_PWR_RegisterVBUSDetectCallback	24	static
../USBPD/usbpd_pwr_user.c:717:16:BSP_USBPD_PWR_VBUSIsOn	24	static
../USBPD/usbpd_pwr_user.c:746:16:BSP_USBPD_PWR_VCCSetState	24	static
../USBPD/usbpd_pwr_user.c:774:13:BSP_USBPD_PWR_EventCallback	16	static
